// Jest Snapshot v1, https://goo.gl/fbAQLP

exports[`style prop serializing style with overrides and nested objects merge an array to the relevant style object 1`] = `
<View
  style={
    Object {
      "flex": 1,
      "height": 10,
      "position": "absolute",
      "transform": Array [
        Object {
          "perspective": 850,
        },
        Object {
          "translateX": -100,
        },
        Object {
          "rotateY": "60deg",
        },
      ],
    }
  }
/>
`;

exports[`style prop serializing when a component has behaviour-related props should strip them from the snapshot output 1`] = `<View />`;

exports[`style prop serializing when a style value is a hex colour should render the colour to the terminal 1`] = `
<View
  style={
    Object {
      "color": "[7m[38;2;192;255;238m#c0ffee[39m[27m",
    }
  }
/>
`;

exports[`style prop serializing when there is no style prop should still render a snapsoht 1`] = `
<View
  coolView={true}
/>
`;
